ARM Linker, 5.03 [Build 76] [MDK-ARM Lite]

==============================================================================

Section Cross References

    startup_gd32f10x_md.o(STACK) refers (Special) to heapauxi.o(.text) for __use_two_region_memory
    startup_gd32f10x_md.o(HEAP) refers (Special) to heapauxi.o(.text) for __use_two_region_memory
    startup_gd32f10x_md.o(RESET) refers (Special) to heapauxi.o(.text) for __use_two_region_memory
    startup_gd32f10x_md.o(RESET) refers to startup_gd32f10x_md.o(STACK) for __initial_sp
    startup_gd32f10x_md.o(RESET) refers to startup_gd32f10x_md.o(.text) for Reset_Handler
    startup_gd32f10x_md.o(RESET) refers to gd32f10x_it.o(.text) for NMI_Handler
    startup_gd32f10x_md.o(.text) refers (Special) to heapauxi.o(.text) for __use_two_region_memory
    startup_gd32f10x_md.o(.text) refers to system_gd32f10x.o(.text) for SystemInit
    startup_gd32f10x_md.o(.text) refers to __main.o(!!!main) for __main
    startup_gd32f10x_md.o(.text) refers to startup_gd32f10x_md.o(HEAP) for Heap_Mem
    startup_gd32f10x_md.o(.text) refers to startup_gd32f10x_md.o(STACK) for Stack_Mem
    system_gd32f10x.o(.text) refers to system_gd32f10x.o(.data) for SystemCoreClock
    gd32f10x_gpio.o(.text) refers to gd32f10x_rcc.o(.text) for RCC_APB2PeriphReset_Enable
    gd32f10x_rcc.o(.text) refers to gd32f10x_rcc.o(.data) for AHBPrescTable
    main.o(.text) refers to gd32f10x_rcc.o(.text) for RCC_APB2PeriphClock_Enable
    main.o(.text) refers to gd32f10x_gpio.o(.text) for GPIO_Init
    main.o(.text) refers to i2c_lcd.o(.text) for KT_I2C_LCD_Init
    main.o(.text) refers to main.o(.data) for u8Bl
    systick.o(.text) refers to system_gd32f10x.o(.data) for SystemCoreClock
    systick.o(.text) refers to systick.o(.data) for TimingDelay
    i2c_lcd.o(.text) refers to soft_i2c.o(.text) for KT_I2C_Start
    i2c_lcd.o(.text) refers to i2c_lcd.o(.data) for u8LcdTmp
    soft_i2c.o(.text) refers to gd32f10x_rcc.o(.text) for RCC_APB2PeriphClock_Enable
    soft_i2c.o(.text) refers to gd32f10x_gpio.o(.text) for GPIO_Init
    soft_i2c.o(.text) refers to i2c_lcd.o(.text) for Delay10us
    __main.o(!!!main) refers to rtentry.o(.ARM.Collect$$rtentry$$00000000) for __rt_entry
    rtentry.o(.ARM.Collect$$rtentry$$00000000) refers (Special) to rtentry2.o(.ARM.Collect$$rtentry$$0000000A) for __rt_entry_li
    rtentry.o(.ARM.Collect$$rtentry$$00000000) refers (Special) to rtentry2.o(.ARM.Collect$$rtentry$$0000000D) for __rt_entry_main
    rtentry.o(.ARM.Collect$$rtentry$$00000000) refers (Special) to rtentry2.o(.ARM.Collect$$rtentry$$0000000C) for __rt_entry_postli_1
    rtentry.o(.ARM.Collect$$rtentry$$00000000) refers (Special) to rtentry2.o(.ARM.Collect$$rtentry$$00000009) for __rt_entry_postsh_1
    rtentry.o(.ARM.Collect$$rtentry$$00000000) refers (Special) to rtentry2.o(.ARM.Collect$$rtentry$$00000002) for __rt_entry_presh_1
    rtentry.o(.ARM.Collect$$rtentry$$00000000) refers (Special) to rtentry4.o(.ARM.Collect$$rtentry$$00000004) for __rt_entry_sh
    rtentry2.o(.ARM.Collect$$rtentry$$00000008) refers to boardinit2.o(.text) for _platform_post_stackheap_init
    rtentry2.o(.ARM.Collect$$rtentry$$0000000A) refers to libinit.o(.ARM.Collect$$libinit$$00000000) for __rt_lib_init
    rtentry2.o(.ARM.Collect$$rtentry$$0000000B) refers to boardinit3.o(.text) for _platform_post_lib_init
    rtentry2.o(.ARM.Collect$$rtentry$$0000000D) refers to main.o(.text) for main
    rtentry2.o(.ARM.Collect$$rtentry$$0000000D) refers to exit.o(.text) for exit
    rtentry2.o(.ARM.exidx) refers to rtentry2.o(.ARM.Collect$$rtentry$$00000001) for .ARM.Collect$$rtentry$$00000001
    rtentry2.o(.ARM.exidx) refers to rtentry2.o(.ARM.Collect$$rtentry$$00000008) for .ARM.Collect$$rtentry$$00000008
    rtentry2.o(.ARM.exidx) refers to rtentry2.o(.ARM.Collect$$rtentry$$0000000A) for .ARM.Collect$$rtentry$$0000000A
    rtentry2.o(.ARM.exidx) refers to rtentry2.o(.ARM.Collect$$rtentry$$0000000B) for .ARM.Collect$$rtentry$$0000000B
    rtentry2.o(.ARM.exidx) refers to rtentry2.o(.ARM.Collect$$rtentry$$0000000D) for .ARM.Collect$$rtentry$$0000000D
    rtentry4.o(.ARM.Collect$$rtentry$$00000004) refers to sys_stackheap_outer.o(.text) for __user_setup_stackheap
    rtentry4.o(.ARM.exidx) refers to rtentry4.o(.ARM.Collect$$rtentry$$00000004) for .ARM.Collect$$rtentry$$00000004
    sys_stackheap_outer.o(.text) refers to libspace.o(.text) for __user_perproc_libspace
    sys_stackheap_outer.o(.text) refers to startup_gd32f10x_md.o(.text) for __user_initial_stackheap
    exit.o(.text) refers to rtexit.o(.ARM.Collect$$rtexit$$00000000) for __rt_exit
    libinit.o(.ARM.Collect$$libinit$$00000000) refers (Special) to libinit2.o(.ARM.Collect$$libinit$$0000002C) for __rt_lib_init_alloca_1
    libinit.o(.ARM.Collect$$libinit$$00000000) refers (Special) to libinit2.o(.ARM.Collect$$libinit$$0000002A) for __rt_lib_init_argv_1
    libinit.o(.ARM.Collect$$libinit$$00000000) refers (Special) to libinit2.o(.ARM.Collect$$libinit$$00000019) for __rt_lib_init_atexit_1
    libinit.o(.ARM.Collect$$libinit$$00000000) refers (Special) to libinit2.o(.ARM.Collect$$libinit$$0000001F) for __rt_lib_init_clock_1
    libinit.o(.ARM.Collect$$libinit$$00000000) refers (Special) to libinit2.o(.ARM.Collect$$libinit$$00000030) for __rt_lib_init_cpp_1
    libinit.o(.ARM.Collect$$libinit$$00000000) refers (Special) to libinit2.o(.ARM.Collect$$libinit$$0000002E) for __rt_lib_init_exceptions_1
    libinit.o(.ARM.Collect$$libinit$$00000000) refers (Special) to libinit2.o(.ARM.Collect$$libinit$$00000002) for __rt_lib_init_fp_1
    libinit.o(.ARM.Collect$$libinit$$00000000) refers (Special) to libinit2.o(.ARM.Collect$$libinit$$0000001D) for __rt_lib_init_fp_trap_1
    libinit.o(.ARM.Collect$$libinit$$00000000) refers (Special) to libinit2.o(.ARM.Collect$$libinit$$00000021) for __rt_lib_init_getenv_1
    libinit.o(.ARM.Collect$$libinit$$00000000) refers (Special) to libinit2.o(.ARM.Collect$$libinit$$00000008) for __rt_lib_init_heap_1
    libinit.o(.ARM.Collect$$libinit$$00000000) refers (Special) to libinit2.o(.ARM.Collect$$libinit$$0000000F) for __rt_lib_init_lc_collate_1
    libinit.o(.ARM.Collect$$libinit$$00000000) refers (Special) to libinit2.o(.ARM.Collect$$libinit$$00000011) for __rt_lib_init_lc_ctype_1
    libinit.o(.ARM.Collect$$libinit$$00000000) refers (Special) to libinit2.o(.ARM.Collect$$libinit$$00000013) for __rt_lib_init_lc_monetary_1
    libinit.o(.ARM.Collect$$libinit$$00000000) refers (Special) to libinit2.o(.ARM.Collect$$libinit$$00000015) for __rt_lib_init_lc_numeric_1
    libinit.o(.ARM.Collect$$libinit$$00000000) refers (Special) to libinit2.o(.ARM.Collect$$libinit$$00000017) for __rt_lib_init_lc_time_1
    libinit.o(.ARM.Collect$$libinit$$00000000) refers (Special) to libinit2.o(.ARM.Collect$$libinit$$0000000C) for __rt_lib_init_rand_1
    libinit.o(.ARM.Collect$$libinit$$00000000) refers (Special) to libinit2.o(.ARM.Collect$$libinit$$00000031) for __rt_lib_init_return
    libinit.o(.ARM.Collect$$libinit$$00000000) refers (Special) to libinit2.o(.ARM.Collect$$libinit$$0000001B) for __rt_lib_init_signal_1
    libinit.o(.ARM.Collect$$libinit$$00000000) refers (Special) to libinit2.o(.ARM.Collect$$libinit$$00000023) for __rt_lib_init_stdio_1
    libinit.o(.ARM.Collect$$libinit$$00000000) refers (Special) to libinit2.o(.ARM.Collect$$libinit$$0000000A) for __rt_lib_init_user_alloc_1
    libspace.o(.text) refers to libspace.o(.bss) for __libspace_start
    rtexit.o(.ARM.Collect$$rtexit$$00000000) refers (Special) to rtexit2.o(.ARM.Collect$$rtexit$$00000004) for __rt_exit_exit
    rtexit.o(.ARM.Collect$$rtexit$$00000000) refers (Special) to rtexit2.o(.ARM.Collect$$rtexit$$00000003) for __rt_exit_ls
    rtexit.o(.ARM.Collect$$rtexit$$00000000) refers (Special) to rtexit2.o(.ARM.Collect$$rtexit$$00000002) for __rt_exit_prels_1
    rtexit.o(.ARM.exidx) refers (Special) to rtexit2.o(.ARM.Collect$$rtexit$$00000004) for __rt_exit_exit
    rtexit.o(.ARM.exidx) refers (Special) to rtexit2.o(.ARM.Collect$$rtexit$$00000003) for __rt_exit_ls
    rtexit.o(.ARM.exidx) refers (Special) to rtexit2.o(.ARM.Collect$$rtexit$$00000002) for __rt_exit_prels_1
    rtexit.o(.ARM.exidx) refers to rtexit.o(.ARM.Collect$$rtexit$$00000000) for .ARM.Collect$$rtexit$$00000000
    libinit2.o(.ARM.Collect$$libinit$$0000000E) refers to libinit2.o(.ARM.Collect$$libinit$$0000000D) for .ARM.Collect$$libinit$$0000000D
    libinit2.o(.ARM.Collect$$libinit$$00000010) refers to libinit2.o(.ARM.Collect$$libinit$$0000000D) for .ARM.Collect$$libinit$$0000000D
    libinit2.o(.ARM.Collect$$libinit$$00000012) refers to libinit2.o(.ARM.Collect$$libinit$$0000000D) for .ARM.Collect$$libinit$$0000000D
    libinit2.o(.ARM.Collect$$libinit$$00000014) refers to libinit2.o(.ARM.Collect$$libinit$$0000000D) for .ARM.Collect$$libinit$$0000000D
    libinit2.o(.ARM.Collect$$libinit$$00000016) refers to libinit2.o(.ARM.Collect$$libinit$$0000000D) for .ARM.Collect$$libinit$$0000000D
    libinit2.o(.ARM.Collect$$libinit$$00000024) refers to argv_veneer.o(.emb_text) for __ARM_argv_veneer
    libinit2.o(.ARM.Collect$$libinit$$00000025) refers to argv_veneer.o(.emb_text) for __ARM_argv_veneer
    rtexit2.o(.ARM.Collect$$rtexit$$00000003) refers to libshutdown.o(.ARM.Collect$$libshutdown$$00000000) for __rt_lib_shutdown
    rtexit2.o(.ARM.Collect$$rtexit$$00000004) refers to sys_exit.o(.text) for _sys_exit
    rtexit2.o(.ARM.exidx) refers to rtexit2.o(.ARM.Collect$$rtexit$$00000001) for .ARM.Collect$$rtexit$$00000001
    rtexit2.o(.ARM.exidx) refers to rtexit2.o(.ARM.Collect$$rtexit$$00000003) for .ARM.Collect$$rtexit$$00000003
    rtexit2.o(.ARM.exidx) refers to rtexit2.o(.ARM.Collect$$rtexit$$00000004) for .ARM.Collect$$rtexit$$00000004
    argv_veneer.o(.emb_text) refers to no_argv.o(.text) for __ARM_get_argv
    sys_exit.o(.text) refers (Special) to use_no_semi.o(.text) for __I$use$semihosting
    sys_exit.o(.text) refers (Special) to indicate_semi.o(.text) for __semihosting_library_function
    _get_argv_nomalloc.o(.text) refers (Special) to hrguard.o(.text) for __heap_region$guard
    _get_argv_nomalloc.o(.text) refers to defsig_rtmem_outer.o(.text) for __rt_SIGRTMEM
    _get_argv_nomalloc.o(.text) refers to sys_command.o(.text) for _sys_command_string
    libshutdown.o(.ARM.Collect$$libshutdown$$00000000) refers (Special) to libshutdown2.o(.ARM.Collect$$libshutdown$$00000006) for __rt_lib_shutdown_fp_trap_1
    libshutdown.o(.ARM.Collect$$libshutdown$$00000000) refers (Special) to libshutdown2.o(.ARM.Collect$$libshutdown$$0000000E) for __rt_lib_shutdown_heap_1
    libshutdown.o(.ARM.Collect$$libshutdown$$00000000) refers (Special) to libshutdown2.o(.ARM.Collect$$libshutdown$$0000000F) for __rt_lib_shutdown_return
    libshutdown.o(.ARM.Collect$$libshutdown$$00000000) refers (Special) to libshutdown2.o(.ARM.Collect$$libshutdown$$00000009) for __rt_lib_shutdown_signal_1
    libshutdown.o(.ARM.Collect$$libshutdown$$00000000) refers (Special) to libshutdown2.o(.ARM.Collect$$libshutdown$$00000003) for __rt_lib_shutdown_stdio_1
    libshutdown.o(.ARM.Collect$$libshutdown$$00000000) refers (Special) to libshutdown2.o(.ARM.Collect$$libshutdown$$0000000B) for __rt_lib_shutdown_user_alloc_1
    sys_command.o(.text) refers (Special) to use_no_semi.o(.text) for __I$use$semihosting
    sys_command.o(.text) refers (Special) to indicate_semi.o(.text) for __semihosting_library_function
    defsig_rtmem_outer.o(.text) refers to defsig_rtmem_inner.o(.text) for __rt_SIGRTMEM_inner
    defsig_rtmem_outer.o(.text) refers to defsig_exit.o(.text) for __sig_exit
    defsig_rtmem_formal.o(.text) refers to rt_raise.o(.text) for __rt_raise
    rt_raise.o(.text) refers to __raise.o(.text) for __raise
    rt_raise.o(.text) refers to sys_exit.o(.text) for _sys_exit
    defsig_exit.o(.text) refers to sys_exit.o(.text) for _sys_exit
    defsig_rtmem_inner.o(.text) refers to defsig_general.o(.text) for __default_signal_display
    __raise.o(.text) refers to defsig.o(CL$$defsig) for __default_signal_handler
    defsig_general.o(.text) refers to sys_wrch.o(.text) for _ttywrch
    sys_wrch.o(.text) refers (Special) to use_no_semi.o(.text) for __I$use$semihosting
    sys_wrch.o(.text) refers (Special) to indicate_semi.o(.text) for __semihosting_library_function
    defsig.o(CL$$defsig) refers to defsig_rtmem_inner.o(.text) for __rt_SIGRTMEM_inner
    defsig_abrt_inner.o(.text) refers to defsig_general.o(.text) for __default_signal_display
    defsig_fpe_inner.o(.text) refers to defsig_general.o(.text) for __default_signal_display
    defsig_rtred_inner.o(.text) refers to defsig_general.o(.text) for __default_signal_display
    defsig_stak_inner.o(.text) refers to defsig_general.o(.text) for __default_signal_display
    defsig_pvfn_inner.o(.text) refers to defsig_general.o(.text) for __default_signal_display
    defsig_cppl_inner.o(.text) refers to defsig_general.o(.text) for __default_signal_display
    defsig_segv_inner.o(.text) refers to defsig_general.o(.text) for __default_signal_display
    defsig_other.o(.text) refers to defsig_general.o(.text) for __default_signal_display


==============================================================================

Removing Unused input sections from the image.

    Removing system_gd32f10x.o(.rev16_text), (4 bytes).
    Removing system_gd32f10x.o(.revsh_text), (4 bytes).
    Removing gd32f10x_gpio.o(.rev16_text), (4 bytes).
    Removing gd32f10x_gpio.o(.revsh_text), (4 bytes).
    Removing gd32f10x_misc.o(.rev16_text), (4 bytes).
    Removing gd32f10x_misc.o(.revsh_text), (4 bytes).
    Removing gd32f10x_misc.o(.text), (312 bytes).
    Removing gd32f10x_rcc.o(.rev16_text), (4 bytes).
    Removing gd32f10x_rcc.o(.revsh_text), (4 bytes).
    Removing gd32f10x_it.o(.rev16_text), (4 bytes).
    Removing gd32f10x_it.o(.revsh_text), (4 bytes).
    Removing main.o(.rev16_text), (4 bytes).
    Removing main.o(.revsh_text), (4 bytes).
    Removing systick.o(.rev16_text), (4 bytes).
    Removing systick.o(.revsh_text), (4 bytes).
    Removing systick.o(.text), (156 bytes).
    Removing systick.o(.data), (4 bytes).
    Removing i2c_lcd.o(.rev16_text), (4 bytes).
    Removing i2c_lcd.o(.revsh_text), (4 bytes).
    Removing soft_i2c.o(.rev16_text), (4 bytes).
    Removing soft_i2c.o(.revsh_text), (4 bytes).

21 unused section(s) (total 544 bytes) removed from the image.

==============================================================================

Image Symbol Table

    Local Symbols

    Symbol Name                              Value     Ov Type        Size  Object(Section)

    ../clib/angel/boardlib.s                 0x00000000   Number         0  boardinit3.o ABSOLUTE
    ../clib/angel/boardlib.s                 0x00000000   Number         0  boardshut.o ABSOLUTE
    ../clib/angel/boardlib.s                 0x00000000   Number         0  boardinit1.o ABSOLUTE
    ../clib/angel/boardlib.s                 0x00000000   Number         0  boardinit2.o ABSOLUTE
    ../clib/angel/handlers.s                 0x00000000   Number         0  __scatter_zi.o ABSOLUTE
    ../clib/angel/handlers.s                 0x00000000   Number         0  __scatter_copy.o ABSOLUTE
    ../clib/angel/kernel.s                   0x00000000   Number         0  rtentry4.o ABSOLUTE
    ../clib/angel/kernel.s                   0x00000000   Number         0  rtentry.o ABSOLUTE
    ../clib/angel/kernel.s                   0x00000000   Number         0  rtexit2.o ABSOLUTE
    ../clib/angel/kernel.s                   0x00000000   Number         0  rtexit.o ABSOLUTE
    ../clib/angel/kernel.s                   0x00000000   Number         0  rtentry2.o ABSOLUTE
    ../clib/angel/rt.s                       0x00000000   Number         0  rt_raise.o ABSOLUTE
    ../clib/angel/scatter.s                  0x00000000   Number         0  __scatter.o ABSOLUTE
    ../clib/angel/startup.s                  0x00000000   Number         0  __main.o ABSOLUTE
    ../clib/angel/sys.s                      0x00000000   Number         0  sys_stackheap_outer.o ABSOLUTE
    ../clib/angel/sys.s                      0x00000000   Number         0  indicate_semi.o ABSOLUTE
    ../clib/angel/sys.s                      0x00000000   Number         0  libspace.o ABSOLUTE
    ../clib/angel/sys.s                      0x00000000   Number         0  use_no_semi.o ABSOLUTE
    ../clib/angel/sysapp.c                   0x00000000   Number         0  sys_exit.o ABSOLUTE
    ../clib/angel/sysapp.c                   0x00000000   Number         0  sys_wrch.o ABSOLUTE
    ../clib/angel/sysapp.c                   0x00000000   Number         0  sys_command.o ABSOLUTE
    ../clib/armsys.c                         0x00000000   Number         0  _get_argv_nomalloc.o ABSOLUTE
    ../clib/armsys.c                         0x00000000   Number         0  argv_veneer.o ABSOLUTE
    ../clib/armsys.c                         0x00000000   Number         0  argv_veneer.o ABSOLUTE
    ../clib/armsys.c                         0x00000000   Number         0  no_argv.o ABSOLUTE
    ../clib/heapalloc.c                      0x00000000   Number         0  hrguard.o ABSOLUTE
    ../clib/heapaux.c                        0x00000000   Number         0  heapauxi.o ABSOLUTE
    ../clib/libinit.s                        0x00000000   Number         0  libinit.o ABSOLUTE
    ../clib/libinit.s                        0x00000000   Number         0  libshutdown2.o ABSOLUTE
    ../clib/libinit.s                        0x00000000   Number         0  libinit2.o ABSOLUTE
    ../clib/libinit.s                        0x00000000   Number         0  libshutdown.o ABSOLUTE
    ../clib/signal.c                         0x00000000   Number         0  defsig_stak_inner.o ABSOLUTE
    ../clib/signal.c                         0x00000000   Number         0  defsig_rtred_inner.o ABSOLUTE
    ../clib/signal.c                         0x00000000   Number         0  defsig_fpe_inner.o ABSOLUTE
    ../clib/signal.c                         0x00000000   Number         0  defsig_abrt_inner.o ABSOLUTE
    ../clib/signal.c                         0x00000000   Number         0  defsig_general.o ABSOLUTE
    ../clib/signal.c                         0x00000000   Number         0  defsig_rtmem_inner.o ABSOLUTE
    ../clib/signal.c                         0x00000000   Number         0  defsig_exit.o ABSOLUTE
    ../clib/signal.c                         0x00000000   Number         0  defsig_rtmem_outer.o ABSOLUTE
    ../clib/signal.c                         0x00000000   Number         0  __raise.o ABSOLUTE
    ../clib/signal.c                         0x00000000   Number         0  defsig_other.o ABSOLUTE
    ../clib/signal.c                         0x00000000   Number         0  defsig_segv_inner.o ABSOLUTE
    ../clib/signal.c                         0x00000000   Number         0  defsig_cppl_inner.o ABSOLUTE
    ../clib/signal.c                         0x00000000   Number         0  defsig_pvfn_inner.o ABSOLUTE
    ../clib/signal.c                         0x00000000   Number         0  defsig_rtmem_formal.o ABSOLUTE
    ../clib/signal.s                         0x00000000   Number         0  defsig.o ABSOLUTE
    ../clib/stdlib.c                         0x00000000   Number         0  exit.o ABSOLUTE
    ../fplib/fpinit.s                        0x00000000   Number         0  fpinit.o ABSOLUTE
    ..\Firmware\CMSIS\system_gd32f10x.c      0x00000000   Number         0  system_gd32f10x.o ABSOLUTE
    ..\Firmware\Peripherals\src\gd32f10x_gpio.c 0x00000000   Number         0  gd32f10x_gpio.o ABSOLUTE
    ..\Firmware\Peripherals\src\gd32f10x_misc.c 0x00000000   Number         0  gd32f10x_misc.o ABSOLUTE
    ..\Firmware\Peripherals\src\gd32f10x_rcc.c 0x00000000   Number         0  gd32f10x_rcc.o ABSOLUTE
    ..\Firmware\startup_gd32f10x_md.s        0x00000000   Number         0  startup_gd32f10x_md.o ABSOLUTE
    ..\\Firmware\\CMSIS\\system_gd32f10x.c   0x00000000   Number         0  system_gd32f10x.o ABSOLUTE
    ..\\Firmware\\Peripherals\\src\\gd32f10x_gpio.c 0x00000000   Number         0  gd32f10x_gpio.o ABSOLUTE
    ..\\Firmware\\Peripherals\\src\\gd32f10x_misc.c 0x00000000   Number         0  gd32f10x_misc.o ABSOLUTE
    ..\\Firmware\\Peripherals\\src\\gd32f10x_rcc.c 0x00000000   Number         0  gd32f10x_rcc.o ABSOLUTE
    I2C_LCD.c                                0x00000000   Number         0  i2c_lcd.o ABSOLUTE
    I2C_LCD.c                                0x00000000   Number         0  i2c_lcd.o ABSOLUTE
    Soft_I2C.c                               0x00000000   Number         0  soft_i2c.o ABSOLUTE
    Soft_I2C.c                               0x00000000   Number         0  soft_i2c.o ABSOLUTE
    dc.s                                     0x00000000   Number         0  dc.o ABSOLUTE
    gd32f10x_it.c                            0x00000000   Number         0  gd32f10x_it.o ABSOLUTE
    gd32f10x_it.c                            0x00000000   Number         0  gd32f10x_it.o ABSOLUTE
    main.c                                   0x00000000   Number         0  main.o ABSOLUTE
    main.c                                   0x00000000   Number         0  main.o ABSOLUTE
    systick.c                                0x00000000   Number         0  systick.o ABSOLUTE
    systick.c                                0x00000000   Number         0  systick.o ABSOLUTE
    RESET                                    0x08000000   Section      260  startup_gd32f10x_md.o(RESET)
    !!!main                                  0x08000104   Section        8  __main.o(!!!main)
    !!!scatter                               0x0800010c   Section       52  __scatter.o(!!!scatter)
    !!handler_copy                           0x08000140   Section       26  __scatter_copy.o(!!handler_copy)
    !!handler_zi                             0x0800015c   Section       28  __scatter_zi.o(!!handler_zi)
    .ARM.Collect$$libinit$$00000000          0x08000178   Section        2  libinit.o(.ARM.Collect$$libinit$$00000000)
    .ARM.Collect$$libinit$$00000002          0x0800017a   Section        0  libinit2.o(.ARM.Collect$$libinit$$00000002)
    .ARM.Collect$$libinit$$00000008          0x0800017a   Section        0  libinit2.o(.ARM.Collect$$libinit$$00000008)
    .ARM.Collect$$libinit$$0000000A          0x0800017a   Section        0  libinit2.o(.ARM.Collect$$libinit$$0000000A)
    .ARM.Collect$$libinit$$0000000C          0x0800017a   Section        0  libinit2.o(.ARM.Collect$$libinit$$0000000C)
    .ARM.Collect$$libinit$$0000000F          0x0800017a   Section        0  libinit2.o(.ARM.Collect$$libinit$$0000000F)
    .ARM.Collect$$libinit$$00000011          0x0800017a   Section        0  libinit2.o(.ARM.Collect$$libinit$$00000011)
    .ARM.Collect$$libinit$$00000013          0x0800017a   Section        0  libinit2.o(.ARM.Collect$$libinit$$00000013)
    .ARM.Collect$$libinit$$00000015          0x0800017a   Section        0  libinit2.o(.ARM.Collect$$libinit$$00000015)
    .ARM.Collect$$libinit$$00000017          0x0800017a   Section        0  libinit2.o(.ARM.Collect$$libinit$$00000017)
    .ARM.Collect$$libinit$$00000019          0x0800017a   Section        0  libinit2.o(.ARM.Collect$$libinit$$00000019)
    .ARM.Collect$$libinit$$0000001B          0x0800017a   Section        0  libinit2.o(.ARM.Collect$$libinit$$0000001B)
    .ARM.Collect$$libinit$$0000001D          0x0800017a   Section        0  libinit2.o(.ARM.Collect$$libinit$$0000001D)
    .ARM.Collect$$libinit$$0000001F          0x0800017a   Section        0  libinit2.o(.ARM.Collect$$libinit$$0000001F)
    .ARM.Collect$$libinit$$00000021          0x0800017a   Section        0  libinit2.o(.ARM.Collect$$libinit$$00000021)
    .ARM.Collect$$libinit$$00000023          0x0800017a   Section        0  libinit2.o(.ARM.Collect$$libinit$$00000023)
    .ARM.Collect$$libinit$$0000002A          0x0800017a   Section        0  libinit2.o(.ARM.Collect$$libinit$$0000002A)
    .ARM.Collect$$libinit$$0000002C          0x0800017a   Section        0  libinit2.o(.ARM.Collect$$libinit$$0000002C)
    .ARM.Collect$$libinit$$0000002E          0x0800017a   Section        0  libinit2.o(.ARM.Collect$$libinit$$0000002E)
    .ARM.Collect$$libinit$$00000030          0x0800017a   Section        0  libinit2.o(.ARM.Collect$$libinit$$00000030)
    .ARM.Collect$$libinit$$00000031          0x0800017a   Section        2  libinit2.o(.ARM.Collect$$libinit$$00000031)
    .ARM.Collect$$libshutdown$$00000000      0x0800017c   Section        2  libshutdown.o(.ARM.Collect$$libshutdown$$00000000)
    .ARM.Collect$$libshutdown$$00000003      0x0800017e   Section        0  libshutdown2.o(.ARM.Collect$$libshutdown$$00000003)
    .ARM.Collect$$libshutdown$$00000006      0x0800017e   Section        0  libshutdown2.o(.ARM.Collect$$libshutdown$$00000006)
    .ARM.Collect$$libshutdown$$00000009      0x0800017e   Section        0  libshutdown2.o(.ARM.Collect$$libshutdown$$00000009)
    .ARM.Collect$$libshutdown$$0000000B      0x0800017e   Section        0  libshutdown2.o(.ARM.Collect$$libshutdown$$0000000B)
    .ARM.Collect$$libshutdown$$0000000E      0x0800017e   Section        0  libshutdown2.o(.ARM.Collect$$libshutdown$$0000000E)
    .ARM.Collect$$libshutdown$$0000000F      0x0800017e   Section        2  libshutdown2.o(.ARM.Collect$$libshutdown$$0000000F)
    .ARM.Collect$$rtentry$$00000000          0x08000180   Section        0  rtentry.o(.ARM.Collect$$rtentry$$00000000)
    .ARM.Collect$$rtentry$$00000002          0x08000180   Section        0  rtentry2.o(.ARM.Collect$$rtentry$$00000002)
    .ARM.Collect$$rtentry$$00000004          0x08000180   Section        6  rtentry4.o(.ARM.Collect$$rtentry$$00000004)
    .ARM.Collect$$rtentry$$00000009          0x08000186   Section        0  rtentry2.o(.ARM.Collect$$rtentry$$00000009)
    .ARM.Collect$$rtentry$$0000000A          0x08000186   Section        4  rtentry2.o(.ARM.Collect$$rtentry$$0000000A)
    .ARM.Collect$$rtentry$$0000000C          0x0800018a   Section        0  rtentry2.o(.ARM.Collect$$rtentry$$0000000C)
    .ARM.Collect$$rtentry$$0000000D          0x0800018a   Section        8  rtentry2.o(.ARM.Collect$$rtentry$$0000000D)
    .ARM.Collect$$rtexit$$00000000           0x08000192   Section        2  rtexit.o(.ARM.Collect$$rtexit$$00000000)
    .ARM.Collect$$rtexit$$00000002           0x08000194   Section        0  rtexit2.o(.ARM.Collect$$rtexit$$00000002)
    .ARM.Collect$$rtexit$$00000003           0x08000194   Section        4  rtexit2.o(.ARM.Collect$$rtexit$$00000003)
    .ARM.Collect$$rtexit$$00000004           0x08000198   Section        6  rtexit2.o(.ARM.Collect$$rtexit$$00000004)
    .text                                    0x080001a0   Section       64  startup_gd32f10x_md.o(.text)
    .text                                    0x080001e0   Section        0  system_gd32f10x.o(.text)
    SetSysClockTo108                         0x080001e1   Thumb Code   186  system_gd32f10x.o(.text)
    SetSysClock                              0x0800029b   Thumb Code     8  system_gd32f10x.o(.text)
    .text                                    0x080003bc   Section        0  gd32f10x_gpio.o(.text)
    .text                                    0x08000780   Section        0  gd32f10x_rcc.o(.text)
    .text                                    0x08000c20   Section        0  gd32f10x_it.o(.text)
    .text                                    0x08000c3c   Section        0  main.o(.text)
    .text                                    0x08000de4   Section        0  i2c_lcd.o(.text)
    .text                                    0x0800110c   Section        0  soft_i2c.o(.text)
    .text                                    0x080012b8   Section        0  heapauxi.o(.text)
    .text                                    0x080012be   Section       74  sys_stackheap_outer.o(.text)
    .text                                    0x08001308   Section        0  exit.o(.text)
    .text                                    0x08001314   Section        8  libspace.o(.text)
    .text                                    0x0800131c   Section        0  sys_exit.o(.text)
    .text                                    0x08001328   Section        2  use_no_semi.o(.text)
    .text                                    0x0800132a   Section        0  indicate_semi.o(.text)
    .data                                    0x20000000   Section       20  system_gd32f10x.o(.data)
    .data                                    0x20000014   Section       24  gd32f10x_rcc.o(.data)
    AHBPrescTable                            0x20000014   Data          16  gd32f10x_rcc.o(.data)
    APBPrescTable                            0x20000024   Data           8  gd32f10x_rcc.o(.data)
    .data                                    0x2000002c   Section        2  main.o(.data)
    .data                                    0x2000002e   Section        9  i2c_lcd.o(.data)
    u8LCD_Buff                               0x2000002e   Data           8  i2c_lcd.o(.data)
    u8LcdTmp                                 0x20000036   Data           1  i2c_lcd.o(.data)
    .bss                                     0x20000038   Section       96  libspace.o(.bss)
    HEAP                                     0x20000098   Section      512  startup_gd32f10x_md.o(HEAP)
    Heap_Mem                                 0x20000098   Data         512  startup_gd32f10x_md.o(HEAP)
    STACK                                    0x20000298   Section     1024  startup_gd32f10x_md.o(STACK)
    Stack_Mem                                0x20000298   Data        1024  startup_gd32f10x_md.o(STACK)
    __initial_sp                             0x20000698   Data           0  startup_gd32f10x_md.o(STACK)

    Global Symbols

    Symbol Name                              Value     Ov Type        Size  Object(Section)

    BuildAttributes$$THM_ISAv4$P$D$K$B$S$PE$A:L22UL41UL21$X:L11$S22US41US21$IEEE1$IW$USESV6$~STKCKD$USESV7$~SHL$OSPACE$ROPI$EBA8$UX$STANDARDLIB$REQ8$PRES8$EABIv2 0x00000000   Number         0  anon$$obj.o ABSOLUTE
    __ARM_use_no_argv                        0x00000000   Number         0  main.o ABSOLUTE
    __ARM_exceptions_init                     - Undefined Weak Reference
    __alloca_initialize                       - Undefined Weak Reference
    __cpp_initialize__aeabi_                  - Undefined Weak Reference
    __cxa_finalize                            - Undefined Weak Reference
    __rt_locale                               - Undefined Weak Reference
    __sigvec_lookup                           - Undefined Weak Reference
    _atexit_init                              - Undefined Weak Reference
    _call_atexit_fns                          - Undefined Weak Reference
    _clock_init                               - Undefined Weak Reference
    _fp_trap_init                             - Undefined Weak Reference
    _fp_trap_shutdown                         - Undefined Weak Reference
    _get_lc_collate                           - Undefined Weak Reference
    _get_lc_ctype                             - Undefined Weak Reference
    _get_lc_monetary                          - Undefined Weak Reference
    _get_lc_numeric                           - Undefined Weak Reference
    _get_lc_time                              - Undefined Weak Reference
    _getenv_init                              - Undefined Weak Reference
    _handle_redirection                       - Undefined Weak Reference
    _init_alloc                               - Undefined Weak Reference
    _init_user_alloc                          - Undefined Weak Reference
    _initio                                   - Undefined Weak Reference
    _rand_init                                - Undefined Weak Reference
    _signal_finish                            - Undefined Weak Reference
    _signal_init                              - Undefined Weak Reference
    _terminate_alloc                          - Undefined Weak Reference
    _terminate_user_alloc                     - Undefined Weak Reference
    _terminateio                              - Undefined Weak Reference
    __Vectors_Size                           0x00000104   Number         0  startup_gd32f10x_md.o ABSOLUTE
    __Vectors                                0x08000000   Data           4  startup_gd32f10x_md.o(RESET)
    __Vectors_End                            0x08000104   Data           0  startup_gd32f10x_md.o(RESET)
    __main                                   0x08000105   Thumb Code     8  __main.o(!!!main)
    __scatterload                            0x0800010d   Thumb Code     0  __scatter.o(!!!scatter)
    __scatterload_rt2                        0x0800010d   Thumb Code    44  __scatter.o(!!!scatter)
    __scatterload_rt2_thumb_only             0x0800010d   Thumb Code     0  __scatter.o(!!!scatter)
    __scatterload_null                       0x0800011b   Thumb Code     0  __scatter.o(!!!scatter)
    __scatterload_copy                       0x08000141   Thumb Code    26  __scatter_copy.o(!!handler_copy)
    __scatterload_zeroinit                   0x0800015d   Thumb Code    28  __scatter_zi.o(!!handler_zi)
    __rt_lib_init                            0x08000179   Thumb Code     0  libinit.o(.ARM.Collect$$libinit$$00000000)
    __rt_lib_init_alloca_1                   0x0800017b   Thumb Code     0  libinit2.o(.ARM.Collect$$libinit$$0000002C)
    __rt_lib_init_argv_1                     0x0800017b   Thumb Code     0  libinit2.o(.ARM.Collect$$libinit$$0000002A)
    __rt_lib_init_atexit_1                   0x0800017b   Thumb Code     0  libinit2.o(.ARM.Collect$$libinit$$00000019)
    __rt_lib_init_clock_1                    0x0800017b   Thumb Code     0  libinit2.o(.ARM.Collect$$libinit$$0000001F)
    __rt_lib_init_cpp_1                      0x0800017b   Thumb Code     0  libinit2.o(.ARM.Collect$$libinit$$00000030)
    __rt_lib_init_exceptions_1               0x0800017b   Thumb Code     0  libinit2.o(.ARM.Collect$$libinit$$0000002E)
    __rt_lib_init_fp_1                       0x0800017b   Thumb Code     0  libinit2.o(.ARM.Collect$$libinit$$00000002)
    __rt_lib_init_fp_trap_1                  0x0800017b   Thumb Code     0  libinit2.o(.ARM.Collect$$libinit$$0000001D)
    __rt_lib_init_getenv_1                   0x0800017b   Thumb Code     0  libinit2.o(.ARM.Collect$$libinit$$00000021)
    __rt_lib_init_heap_1                     0x0800017b   Thumb Code     0  libinit2.o(.ARM.Collect$$libinit$$00000008)
    __rt_lib_init_lc_collate_1               0x0800017b   Thumb Code     0  libinit2.o(.ARM.Collect$$libinit$$0000000F)
    __rt_lib_init_lc_ctype_1                 0x0800017b   Thumb Code     0  libinit2.o(.ARM.Collect$$libinit$$00000011)
    __rt_lib_init_lc_monetary_1              0x0800017b   Thumb Code     0  libinit2.o(.ARM.Collect$$libinit$$00000013)
    __rt_lib_init_lc_numeric_1               0x0800017b   Thumb Code     0  libinit2.o(.ARM.Collect$$libinit$$00000015)
    __rt_lib_init_lc_time_1                  0x0800017b   Thumb Code     0  libinit2.o(.ARM.Collect$$libinit$$00000017)
    __rt_lib_init_rand_1                     0x0800017b   Thumb Code     0  libinit2.o(.ARM.Collect$$libinit$$0000000C)
    __rt_lib_init_return                     0x0800017b   Thumb Code     0  libinit2.o(.ARM.Collect$$libinit$$00000031)
    __rt_lib_init_signal_1                   0x0800017b   Thumb Code     0  libinit2.o(.ARM.Collect$$libinit$$0000001B)
    __rt_lib_init_stdio_1                    0x0800017b   Thumb Code     0  libinit2.o(.ARM.Collect$$libinit$$00000023)
    __rt_lib_init_user_alloc_1               0x0800017b   Thumb Code     0  libinit2.o(.ARM.Collect$$libinit$$0000000A)
    __rt_lib_shutdown                        0x0800017d   Thumb Code     0  libshutdown.o(.ARM.Collect$$libshutdown$$00000000)
    __rt_lib_shutdown_fp_trap_1              0x0800017f   Thumb Code     0  libshutdown2.o(.ARM.Collect$$libshutdown$$00000006)
    __rt_lib_shutdown_heap_1                 0x0800017f   Thumb Code     0  libshutdown2.o(.ARM.Collect$$libshutdown$$0000000E)
    __rt_lib_shutdown_return                 0x0800017f   Thumb Code     0  libshutdown2.o(.ARM.Collect$$libshutdown$$0000000F)
    __rt_lib_shutdown_signal_1               0x0800017f   Thumb Code     0  libshutdown2.o(.ARM.Collect$$libshutdown$$00000009)
    __rt_lib_shutdown_stdio_1                0x0800017f   Thumb Code     0  libshutdown2.o(.ARM.Collect$$libshutdown$$00000003)
    __rt_lib_shutdown_user_alloc_1           0x0800017f   Thumb Code     0  libshutdown2.o(.ARM.Collect$$libshutdown$$0000000B)
    __rt_entry                               0x08000181   Thumb Code     0  rtentry.o(.ARM.Collect$$rtentry$$00000000)
    __rt_entry_presh_1                       0x08000181   Thumb Code     0  rtentry2.o(.ARM.Collect$$rtentry$$00000002)
    __rt_entry_sh                            0x08000181   Thumb Code     0  rtentry4.o(.ARM.Collect$$rtentry$$00000004)
    __rt_entry_li                            0x08000187   Thumb Code     0  rtentry2.o(.ARM.Collect$$rtentry$$0000000A)
    __rt_entry_postsh_1                      0x08000187   Thumb Code     0  rtentry2.o(.ARM.Collect$$rtentry$$00000009)
    __rt_entry_main                          0x0800018b   Thumb Code     0  rtentry2.o(.ARM.Collect$$rtentry$$0000000D)
    __rt_entry_postli_1                      0x0800018b   Thumb Code     0  rtentry2.o(.ARM.Collect$$rtentry$$0000000C)
    __rt_exit                                0x08000193   Thumb Code     0  rtexit.o(.ARM.Collect$$rtexit$$00000000)
    __rt_exit_ls                             0x08000195   Thumb Code     0  rtexit2.o(.ARM.Collect$$rtexit$$00000003)
    __rt_exit_prels_1                        0x08000195   Thumb Code     0  rtexit2.o(.ARM.Collect$$rtexit$$00000002)
    __rt_exit_exit                           0x08000199   Thumb Code     0  rtexit2.o(.ARM.Collect$$rtexit$$00000004)
    Reset_Handler                            0x080001a1   Thumb Code     8  startup_gd32f10x_md.o(.text)
    ADC1_2_IRQHandler                        0x080001bb   Thumb Code     0  startup_gd32f10x_md.o(.text)
    CAN1_RX1_IRQHandler                      0x080001bb   Thumb Code     0  startup_gd32f10x_md.o(.text)
    CAN1_SCE_IRQHandler                      0x080001bb   Thumb Code     0  startup_gd32f10x_md.o(.text)
    DMA1_Channel1_IRQHandler                 0x080001bb   Thumb Code     0  startup_gd32f10x_md.o(.text)
    DMA1_Channel2_IRQHandler                 0x080001bb   Thumb Code     0  startup_gd32f10x_md.o(.text)
    DMA1_Channel3_IRQHandler                 0x080001bb   Thumb Code     0  startup_gd32f10x_md.o(.text)
    DMA1_Channel4_IRQHandler                 0x080001bb   Thumb Code     0  startup_gd32f10x_md.o(.text)
    DMA1_Channel5_IRQHandler                 0x080001bb   Thumb Code     0  startup_gd32f10x_md.o(.text)
    DMA1_Channel6_IRQHandler                 0x080001bb   Thumb Code     0  startup_gd32f10x_md.o(.text)
    DMA1_Channel7_IRQHandler                 0x080001bb   Thumb Code     0  startup_gd32f10x_md.o(.text)
    EXMC_IRQHandler                          0x080001bb   Thumb Code     0  startup_gd32f10x_md.o(.text)
    EXTI0_IRQHandler                         0x080001bb   Thumb Code     0  startup_gd32f10x_md.o(.text)
    EXTI15_10_IRQHandler                     0x080001bb   Thumb Code     0  startup_gd32f10x_md.o(.text)
    EXTI1_IRQHandler                         0x080001bb   Thumb Code     0  startup_gd32f10x_md.o(.text)
    EXTI2_IRQHandler                         0x080001bb   Thumb Code     0  startup_gd32f10x_md.o(.text)
    EXTI3_IRQHandler                         0x080001bb   Thumb Code     0  startup_gd32f10x_md.o(.text)
    EXTI4_IRQHandler                         0x080001bb   Thumb Code     0  startup_gd32f10x_md.o(.text)
    EXTI9_5_IRQHandler                       0x080001bb   Thumb Code     0  startup_gd32f10x_md.o(.text)
    FMC_IRQHandler                           0x080001bb   Thumb Code     0  startup_gd32f10x_md.o(.text)
    I2C1_ER_IRQHandler                       0x080001bb   Thumb Code     0  startup_gd32f10x_md.o(.text)
    I2C1_EV_IRQHandler                       0x080001bb   Thumb Code     0  startup_gd32f10x_md.o(.text)
    I2C2_ER_IRQHandler                       0x080001bb   Thumb Code     0  startup_gd32f10x_md.o(.text)
    I2C2_EV_IRQHandler                       0x080001bb   Thumb Code     0  startup_gd32f10x_md.o(.text)
    LVD_IRQHandler                           0x080001bb   Thumb Code     0  startup_gd32f10x_md.o(.text)
    RCC_IRQHandler                           0x080001bb   Thumb Code     0  startup_gd32f10x_md.o(.text)
    RTCAlarm_IRQHandler                      0x080001bb   Thumb Code     0  startup_gd32f10x_md.o(.text)
    RTC_IRQHandler                           0x080001bb   Thumb Code     0  startup_gd32f10x_md.o(.text)
    SPI1_IRQHandler                          0x080001bb   Thumb Code     0  startup_gd32f10x_md.o(.text)
    SPI2_IRQHandler                          0x080001bb   Thumb Code     0  startup_gd32f10x_md.o(.text)
    TAMPER_IRQHandler                        0x080001bb   Thumb Code     0  startup_gd32f10x_md.o(.text)
    TIMER1_BRK_IRQHandler                    0x080001bb   Thumb Code     0  startup_gd32f10x_md.o(.text)
    TIMER1_CC_IRQHandler                     0x080001bb   Thumb Code     0  startup_gd32f10x_md.o(.text)
    TIMER1_TRG_COM_IRQHandler                0x080001bb   Thumb Code     0  startup_gd32f10x_md.o(.text)
    TIMER1_UP_IRQHandler                     0x080001bb   Thumb Code     0  startup_gd32f10x_md.o(.text)
    TIMER2_IRQHandler                        0x080001bb   Thumb Code     0  startup_gd32f10x_md.o(.text)
    TIMER3_IRQHandler                        0x080001bb   Thumb Code     0  startup_gd32f10x_md.o(.text)
    TIMER4_IRQHandler                        0x080001bb   Thumb Code     0  startup_gd32f10x_md.o(.text)
    USART1_IRQHandler                        0x080001bb   Thumb Code     0  startup_gd32f10x_md.o(.text)
    USART2_IRQHandler                        0x080001bb   Thumb Code     0  startup_gd32f10x_md.o(.text)
    USART3_IRQHandler                        0x080001bb   Thumb Code     0  startup_gd32f10x_md.o(.text)
    USBWakeUp_IRQHandler                     0x080001bb   Thumb Code     0  startup_gd32f10x_md.o(.text)
    USB_HP_CAN1_TX_IRQHandler                0x080001bb   Thumb Code     0  startup_gd32f10x_md.o(.text)
    USB_LP_CAN1_RX0_IRQHandler               0x080001bb   Thumb Code     0  startup_gd32f10x_md.o(.text)
    WWDG_IRQHandler                          0x080001bb   Thumb Code     0  startup_gd32f10x_md.o(.text)
    __user_initial_stackheap                 0x080001bd   Thumb Code     0  startup_gd32f10x_md.o(.text)
    SystemInit                               0x080002a3   Thumb Code    72  system_gd32f10x.o(.text)
    SystemCoreClockUpdate                    0x080002eb   Thumb Code   162  system_gd32f10x.o(.text)
    GPIO_DeInit                              0x080003bd   Thumb Code   172  gd32f10x_gpio.o(.text)
    GPIO_AFDeInit                            0x08000469   Thumb Code    20  gd32f10x_gpio.o(.text)
    GPIO_Init                                0x0800047d   Thumb Code   274  gd32f10x_gpio.o(.text)
    GPIO_ParaInit                            0x0800058f   Thumb Code    16  gd32f10x_gpio.o(.text)
    GPIO_ReadInputBit                        0x0800059f   Thumb Code    18  gd32f10x_gpio.o(.text)
    GPIO_ReadInputData                       0x080005b1   Thumb Code     8  gd32f10x_gpio.o(.text)
    GPIO_ReadOutputBit                       0x080005b9   Thumb Code    18  gd32f10x_gpio.o(.text)
    GPIO_ReadOutputData                      0x080005cb   Thumb Code     8  gd32f10x_gpio.o(.text)
    GPIO_SetBits                             0x080005d3   Thumb Code     4  gd32f10x_gpio.o(.text)
    GPIO_ResetBits                           0x080005d7   Thumb Code     4  gd32f10x_gpio.o(.text)
    GPIO_WriteBit                            0x080005db   Thumb Code    10  gd32f10x_gpio.o(.text)
    GPIO_WritePort                           0x080005e5   Thumb Code     4  gd32f10x_gpio.o(.text)
    GPIO_PinLockConfig                       0x080005e9   Thumb Code    18  gd32f10x_gpio.o(.text)
    GPIO_EventOutputConfig                   0x080005fb   Thumb Code    26  gd32f10x_gpio.o(.text)
    GPIO_EventOutput_Enable                  0x08000615   Thumb Code    30  gd32f10x_gpio.o(.text)
    GPIO_PinRemapConfig                      0x08000633   Thumb Code   138  gd32f10x_gpio.o(.text)
    GPIO_EXTILineConfig                      0x080006bd   Thumb Code   146  gd32f10x_gpio.o(.text)
    GPIO_ETH_MediaInterfaceConfig            0x0800074f   Thumb Code    18  gd32f10x_gpio.o(.text)
    RCC_DeInit                               0x08000781   Thumb Code    66  gd32f10x_rcc.o(.text)
    RCC_HSEConfig                            0x080007c3   Thumb Code    22  gd32f10x_rcc.o(.text)
    RCC_GetBitState                          0x080007d9   Thumb Code    52  gd32f10x_rcc.o(.text)
    RCC_WaitForHSEStartUp                    0x0800080d   Thumb Code    54  gd32f10x_rcc.o(.text)
    RCC_AdjustHSICalibrationValue            0x08000843   Thumb Code    20  gd32f10x_rcc.o(.text)
    RCC_HSI_Enable                           0x08000857   Thumb Code    30  gd32f10x_rcc.o(.text)
    RCC_PLLConfig                            0x08000875   Thumb Code    24  gd32f10x_rcc.o(.text)
    RCC_PLL_Enable                           0x0800088d   Thumb Code    30  gd32f10x_rcc.o(.text)
    RCC_CK_SYSConfig                         0x080008ab   Thumb Code    18  gd32f10x_rcc.o(.text)
    RCC_GetCK_SYSSource                      0x080008bd   Thumb Code    10  gd32f10x_rcc.o(.text)
    RCC_AHBConfig                            0x080008c7   Thumb Code    18  gd32f10x_rcc.o(.text)
    RCC_APB1Config                           0x080008d9   Thumb Code    18  gd32f10x_rcc.o(.text)
    RCC_APB2Config                           0x080008eb   Thumb Code    18  gd32f10x_rcc.o(.text)
    RCC_USBCLKConfig                         0x080008fd   Thumb Code    22  gd32f10x_rcc.o(.text)
    RCC_ADCCLKConfig                         0x08000913   Thumb Code    22  gd32f10x_rcc.o(.text)
    RCC_LSEConfig                            0x08000929   Thumb Code    32  gd32f10x_rcc.o(.text)
    RCC_LSI_Enable                           0x08000949   Thumb Code    30  gd32f10x_rcc.o(.text)
    RCC_RTCCLKConfig                         0x08000967   Thumb Code    22  gd32f10x_rcc.o(.text)
    RCC_RTCCLK_Enable                        0x0800097d   Thumb Code    30  gd32f10x_rcc.o(.text)
    RCC_GetClocksFreq                        0x0800099b   Thumb Code   296  gd32f10x_rcc.o(.text)
    RCC_AHBPeriphClock_Enable                0x08000ac3   Thumb Code    26  gd32f10x_rcc.o(.text)
    RCC_APB2PeriphClock_Enable               0x08000add   Thumb Code    26  gd32f10x_rcc.o(.text)
    RCC_APB1PeriphClock_Enable               0x08000af7   Thumb Code    26  gd32f10x_rcc.o(.text)
    RCC_APB2PeriphReset_Enable               0x08000b11   Thumb Code    26  gd32f10x_rcc.o(.text)
    RCC_APB1PeriphReset_Enable               0x08000b2b   Thumb Code    26  gd32f10x_rcc.o(.text)
    RCC_BackupReset_Enable                   0x08000b45   Thumb Code    80  gd32f10x_rcc.o(.text)
    RCC_HSEClockMonitor_Enable               0x08000b95   Thumb Code    30  gd32f10x_rcc.o(.text)
    RCC_CKOUTSRCConfig                       0x08000bb3   Thumb Code    18  gd32f10x_rcc.o(.text)
    RCC_INTConfig                            0x08000bc5   Thumb Code    26  gd32f10x_rcc.o(.text)
    RCC_ClearBitState                        0x08000bdf   Thumb Code    14  gd32f10x_rcc.o(.text)
    RCC_GetIntBitState                       0x08000bed   Thumb Code    18  gd32f10x_rcc.o(.text)
    RCC_ClearIntBitState                     0x08000bff   Thumb Code     6  gd32f10x_rcc.o(.text)
    RCC_KERNELVOLConfig                      0x08000c05   Thumb Code    22  gd32f10x_rcc.o(.text)
    NMI_Handler                              0x08000c21   Thumb Code     2  gd32f10x_it.o(.text)
    HardFault_Handler                        0x08000c23   Thumb Code     4  gd32f10x_it.o(.text)
    MemManage_Handler                        0x08000c27   Thumb Code     4  gd32f10x_it.o(.text)
    BusFault_Handler                         0x08000c2b   Thumb Code     4  gd32f10x_it.o(.text)
    UsageFault_Handler                       0x08000c2f   Thumb Code     4  gd32f10x_it.o(.text)
    SVC_Handler                              0x08000c33   Thumb Code     2  gd32f10x_it.o(.text)
    DebugMon_Handler                         0x08000c35   Thumb Code     2  gd32f10x_it.o(.text)
    PendSV_Handler                           0x08000c37   Thumb Code     2  gd32f10x_it.o(.text)
    SysTick_Handler                          0x08000c39   Thumb Code     2  gd32f10x_it.o(.text)
    LED_config                               0x08000c3d   Thumb Code    82  main.o(.text)
    Delay                                    0x08000c8f   Thumb Code    12  main.o(.text)
    main                                     0x08000c9b   Thumb Code   224  main.o(.text)
    Delay10us                                0x08000de5   Thumb Code    12  i2c_lcd.o(.text)
    FlushVal                                 0x08000df1   Thumb Code    64  i2c_lcd.o(.text)
    LCD_Write_4bit                           0x08000e31   Thumb Code   106  i2c_lcd.o(.text)
    LCD_WaitBusy                             0x08000e9b   Thumb Code   110  i2c_lcd.o(.text)
    KT_I2C_LCD_WriteCmd                      0x08000f09   Thumb Code    42  i2c_lcd.o(.text)
    KT_I2C_LCD_Init                          0x08000f33   Thumb Code   350  i2c_lcd.o(.text)
    LCD_Write_Chr                            0x08001091   Thumb Code    42  i2c_lcd.o(.text)
    KT_I2C_LCD_Puts                          0x080010bb   Thumb Code    28  i2c_lcd.o(.text)
    KT_I2C_LCD_Clear                         0x080010d7   Thumb Code    10  i2c_lcd.o(.text)
    KT_I2C_LCD_NewLine                       0x080010e1   Thumb Code    10  i2c_lcd.o(.text)
    KT_I2C_LCD_BackLight                     0x080010eb   Thumb Code    26  i2c_lcd.o(.text)
    KT_I2C_Init                              0x0800110d   Thumb Code    62  soft_i2c.o(.text)
    KT_I2C_Start                             0x0800114b   Thumb Code    52  soft_i2c.o(.text)
    KT_I2C_Stop                              0x0800117f   Thumb Code    52  soft_i2c.o(.text)
    KT_I2C_Write                             0x080011b3   Thumb Code   136  soft_i2c.o(.text)
    KT_I2C_Read                              0x0800123b   Thumb Code   122  soft_i2c.o(.text)
    __use_two_region_memory                  0x080012b9   Thumb Code     2  heapauxi.o(.text)
    __rt_heap_escrow$2region                 0x080012bb   Thumb Code     2  heapauxi.o(.text)
    __rt_heap_expand$2region                 0x080012bd   Thumb Code     2  heapauxi.o(.text)
    __user_setup_stackheap                   0x080012bf   Thumb Code    74  sys_stackheap_outer.o(.text)
    exit                                     0x08001309   Thumb Code    12  exit.o(.text)
    __user_libspace                          0x08001315   Thumb Code     8  libspace.o(.text)
    __user_perproc_libspace                  0x08001315   Thumb Code     0  libspace.o(.text)
    __user_perthread_libspace                0x08001315   Thumb Code     0  libspace.o(.text)
    _sys_exit                                0x0800131d   Thumb Code     8  sys_exit.o(.text)
    __I$use$semihosting                      0x08001329   Thumb Code     0  use_no_semi.o(.text)
    __use_no_semihosting_swi                 0x08001329   Thumb Code     2  use_no_semi.o(.text)
    __semihosting_library_function           0x0800132b   Thumb Code     0  indicate_semi.o(.text)
    Region$$Table$$Base                      0x0800132c   Number         0  anon$$obj.o(Region$$Table)
    Region$$Table$$Limit                     0x0800134c   Number         0  anon$$obj.o(Region$$Table)
    SystemCoreClock                          0x20000000   Data           4  system_gd32f10x.o(.data)
    AHBPrescTableList                        0x20000004   Data          16  system_gd32f10x.o(.data)
    u8LedState                               0x2000002c   Data           1  main.o(.data)
    u8Bl                                     0x2000002d   Data           1  main.o(.data)
    __libspace_start                         0x20000038   Data          96  libspace.o(.bss)
    __temporary_stack_top$libspace           0x20000098   Data           0  libspace.o(.bss)



==============================================================================

Memory Map of the image

  Image Entry point : 0x08000105

  Load Region LR_IROM1 (Base: 0x08000000, Size: 0x00001384, Max: 0x00010000, ABSOLUTE)

    Execution Region ER_IROM1 (Base: 0x08000000, Size: 0x0000134c, Max: 0x00010000, ABSOLUTE)

    Base Addr    Size         Type   Attr      Idx    E Section Name        Object

    0x08000000   0x00000104   Data   RO            3    RESET               startup_gd32f10x_md.o
    0x08000104   0x00000008   Code   RO          325  * !!!main             c_w.l(__main.o)
    0x0800010c   0x00000034   Code   RO          479    !!!scatter          c_w.l(__scatter.o)
    0x08000140   0x0000001a   Code   RO          481    !!handler_copy      c_w.l(__scatter_copy.o)
    0x0800015a   0x00000002   PAD
    0x0800015c   0x0000001c   Code   RO          483    !!handler_zi        c_w.l(__scatter_zi.o)
    0x08000178   0x00000002   Code   RO          352    .ARM.Collect$$libinit$$00000000  c_w.l(libinit.o)
    0x0800017a   0x00000000   Code   RO          359    .ARM.Collect$$libinit$$00000002  c_w.l(libinit2.o)
    0x0800017a   0x00000000   Code   RO          362    .ARM.Collect$$libinit$$00000008  c_w.l(libinit2.o)
    0x0800017a   0x00000000   Code   RO          364    .ARM.Collect$$libinit$$0000000A  c_w.l(libinit2.o)
    0x0800017a   0x00000000   Code   RO          366    .ARM.Collect$$libinit$$0000000C  c_w.l(libinit2.o)
    0x0800017a   0x00000000   Code   RO          369    .ARM.Collect$$libinit$$0000000F  c_w.l(libinit2.o)
    0x0800017a   0x00000000   Code   RO          371    .ARM.Collect$$libinit$$00000011  c_w.l(libinit2.o)
    0x0800017a   0x00000000   Code   RO          373    .ARM.Collect$$libinit$$00000013  c_w.l(libinit2.o)
    0x0800017a   0x00000000   Code   RO          375    .ARM.Collect$$libinit$$00000015  c_w.l(libinit2.o)
    0x0800017a   0x00000000   Code   RO          377    .ARM.Collect$$libinit$$00000017  c_w.l(libinit2.o)
    0x0800017a   0x00000000   Code   RO          379    .ARM.Collect$$libinit$$00000019  c_w.l(libinit2.o)
    0x0800017a   0x00000000   Code   RO          381    .ARM.Collect$$libinit$$0000001B  c_w.l(libinit2.o)
    0x0800017a   0x00000000   Code   RO          383    .ARM.Collect$$libinit$$0000001D  c_w.l(libinit2.o)
    0x0800017a   0x00000000   Code   RO          385    .ARM.Collect$$libinit$$0000001F  c_w.l(libinit2.o)
    0x0800017a   0x00000000   Code   RO          387    .ARM.Collect$$libinit$$00000021  c_w.l(libinit2.o)
    0x0800017a   0x00000000   Code   RO          389    .ARM.Collect$$libinit$$00000023  c_w.l(libinit2.o)
    0x0800017a   0x00000000   Code   RO          393    .ARM.Collect$$libinit$$0000002A  c_w.l(libinit2.o)
    0x0800017a   0x00000000   Code   RO          395    .ARM.Collect$$libinit$$0000002C  c_w.l(libinit2.o)
    0x0800017a   0x00000000   Code   RO          397    .ARM.Collect$$libinit$$0000002E  c_w.l(libinit2.o)
    0x0800017a   0x00000000   Code   RO          399    .ARM.Collect$$libinit$$00000030  c_w.l(libinit2.o)
    0x0800017a   0x00000002   Code   RO          400    .ARM.Collect$$libinit$$00000031  c_w.l(libinit2.o)
    0x0800017c   0x00000002   Code   RO          420    .ARM.Collect$$libshutdown$$00000000  c_w.l(libshutdown.o)
    0x0800017e   0x00000000   Code   RO          434    .ARM.Collect$$libshutdown$$00000003  c_w.l(libshutdown2.o)
    0x0800017e   0x00000000   Code   RO          437    .ARM.Collect$$libshutdown$$00000006  c_w.l(libshutdown2.o)
    0x0800017e   0x00000000   Code   RO          440    .ARM.Collect$$libshutdown$$00000009  c_w.l(libshutdown2.o)
    0x0800017e   0x00000000   Code   RO          442    .ARM.Collect$$libshutdown$$0000000B  c_w.l(libshutdown2.o)
    0x0800017e   0x00000000   Code   RO          445    .ARM.Collect$$libshutdown$$0000000E  c_w.l(libshutdown2.o)
    0x0800017e   0x00000002   Code   RO          446    .ARM.Collect$$libshutdown$$0000000F  c_w.l(libshutdown2.o)
    0x08000180   0x00000000   Code   RO          327    .ARM.Collect$$rtentry$$00000000  c_w.l(rtentry.o)
    0x08000180   0x00000000   Code   RO          329    .ARM.Collect$$rtentry$$00000002  c_w.l(rtentry2.o)
    0x08000180   0x00000006   Code   RO          341    .ARM.Collect$$rtentry$$00000004  c_w.l(rtentry4.o)
    0x08000186   0x00000000   Code   RO          331    .ARM.Collect$$rtentry$$00000009  c_w.l(rtentry2.o)
    0x08000186   0x00000004   Code   RO          332    .ARM.Collect$$rtentry$$0000000A  c_w.l(rtentry2.o)
    0x0800018a   0x00000000   Code   RO          334    .ARM.Collect$$rtentry$$0000000C  c_w.l(rtentry2.o)
    0x0800018a   0x00000008   Code   RO          335    .ARM.Collect$$rtentry$$0000000D  c_w.l(rtentry2.o)
    0x08000192   0x00000002   Code   RO          356    .ARM.Collect$$rtexit$$00000000  c_w.l(rtexit.o)
    0x08000194   0x00000000   Code   RO          402    .ARM.Collect$$rtexit$$00000002  c_w.l(rtexit2.o)
    0x08000194   0x00000004   Code   RO          403    .ARM.Collect$$rtexit$$00000003  c_w.l(rtexit2.o)
    0x08000198   0x00000006   Code   RO          404    .ARM.Collect$$rtexit$$00000004  c_w.l(rtexit2.o)
    0x0800019e   0x00000002   PAD
    0x080001a0   0x00000040   Code   RO            4    .text               startup_gd32f10x_md.o
    0x080001e0   0x000001dc   Code   RO           12    .text               system_gd32f10x.o
    0x080003bc   0x000003c4   Code   RO          127    .text               gd32f10x_gpio.o
    0x08000780   0x000004a0   Code   RO          171    .text               gd32f10x_rcc.o
    0x08000c20   0x0000001a   Code   RO          193    .text               gd32f10x_it.o
    0x08000c3a   0x00000002   PAD
    0x08000c3c   0x000001a8   Code   RO          219    .text               main.o
    0x08000de4   0x00000328   Code   RO          275    .text               i2c_lcd.o
    0x0800110c   0x000001ac   Code   RO          303    .text               soft_i2c.o
    0x080012b8   0x00000006   Code   RO          323    .text               c_w.l(heapauxi.o)
    0x080012be   0x0000004a   Code   RO          343    .text               c_w.l(sys_stackheap_outer.o)
    0x08001308   0x0000000c   Code   RO          345    .text               c_w.l(exit.o)
    0x08001314   0x00000008   Code   RO          353    .text               c_w.l(libspace.o)
    0x0800131c   0x0000000c   Code   RO          412    .text               c_w.l(sys_exit.o)
    0x08001328   0x00000002   Code   RO          423    .text               c_w.l(use_no_semi.o)
    0x0800132a   0x00000000   Code   RO          425    .text               c_w.l(indicate_semi.o)
    0x0800132a   0x00000002   PAD
    0x0800132c   0x00000020   Data   RO          477    Region$$Table       anon$$obj.o


    Execution Region RW_IRAM1 (Base: 0x20000000, Size: 0x00000698, Max: 0x00005000, ABSOLUTE)

    Base Addr    Size         Type   Attr      Idx    E Section Name        Object

    0x20000000   0x00000014   Data   RW           13    .data               system_gd32f10x.o
    0x20000014   0x00000018   Data   RW          172    .data               gd32f10x_rcc.o
    0x2000002c   0x00000002   Data   RW          220    .data               main.o
    0x2000002e   0x00000009   Data   RW          276    .data               i2c_lcd.o
    0x20000037   0x00000001   PAD
    0x20000038   0x00000060   Zero   RW          354    .bss                c_w.l(libspace.o)
    0x20000098   0x00000200   Zero   RW            2    HEAP                startup_gd32f10x_md.o
    0x20000298   0x00000400   Zero   RW            1    STACK               startup_gd32f10x_md.o


==============================================================================

Image component sizes


      Code (inc. data)   RO Data    RW Data    ZI Data      Debug   Object Name

       964         32          0          0          0       5741   gd32f10x_gpio.o
        26          0          0          0          0       1154   gd32f10x_it.o
      1184         64          0         24          0       8079   gd32f10x_rcc.o
       808          8          0          9          0       3168   i2c_lcd.o
       424        106          0          2          0       1082   main.o
       428          4          0          0          0       1360   soft_i2c.o
        64         26        260          0       1536        796   startup_gd32f10x_md.o
       476         48          0         20          0     258611   system_gd32f10x.o

    ----------------------------------------------------------------------
      4376        288        292         56       1536     279991   Object Totals
         0          0         32          0          0          0   (incl. Generated)
         2          0          0          1          0          0   (incl. Padding)

    ----------------------------------------------------------------------

      Code (inc. data)   RO Data    RW Data    ZI Data      Debug   Library Member Name

         8          0          0          0          0         68   __main.o
        52          8          0          0          0          0   __scatter.o
        26          0          0          0          0          0   __scatter_copy.o
        28          0          0          0          0          0   __scatter_zi.o
        12          0          0          0          0         72   exit.o
         6          0          0          0          0        152   heapauxi.o
         0          0          0          0          0          0   indicate_semi.o
         2          0          0          0          0          0   libinit.o
         2          0          0          0          0          0   libinit2.o
         2          0          0          0          0          0   libshutdown.o
         2          0          0          0          0          0   libshutdown2.o
         8          4          0          0         96         68   libspace.o
         0          0          0          0          0          0   rtentry.o
        12          0          0          0          0          0   rtentry2.o
         6          0          0          0          0          0   rtentry4.o
         2          0          0          0          0          0   rtexit.o
        10          0          0          0          0          0   rtexit2.o
        12          4          0          0          0         68   sys_exit.o
        74          0          0          0          0         80   sys_stackheap_outer.o
         2          0          0          0          0         68   use_no_semi.o

    ----------------------------------------------------------------------
       272         16          0          0         96        576   Library Totals
         6          0          0          0          0          0   (incl. Padding)

    ----------------------------------------------------------------------

      Code (inc. data)   RO Data    RW Data    ZI Data      Debug   Library Name

       266         16          0          0         96        576   c_w.l

    ----------------------------------------------------------------------
       272         16          0          0         96        576   Library Totals

    ----------------------------------------------------------------------

==============================================================================


      Code (inc. data)   RO Data    RW Data    ZI Data      Debug   

      4648        304        292         56       1632     279735   Grand Totals
      4648        304        292         56       1632     279735   ELF Image Totals
      4648        304        292         56          0          0   ROM Totals

==============================================================================

    Total RO  Size (Code + RO Data)                 4940 (   4.82kB)
    Total RW  Size (RW Data + ZI Data)              1688 (   1.65kB)
    Total ROM Size (Code + RO Data + RW Data)       4996 (   4.88kB)

==============================================================================

